stdout:
    Determining projects to restore...
/workspace/src/IssueTracker.Api/IssueTracker.Api.csproj : warning NU1900: Error occurred while getting package vulnerability data: Unable to load the service index for source https://api.nuget.org/v3/index.json. [/workspace/IssueTracker.sln] [/workspace/ai-delivery-validation.targets]
/workspace/src/IssueTracker.Core/IssueTracker.Core.csproj : warning NU1900: Error occurred while getting package vulnerability data: Unable to load the service index for source https://api.nuget.org/v3/index.json. [/workspace/IssueTracker.sln] [/workspace/ai-delivery-validation.targets]
    Restored /workspace/src/IssueTracker.Api/IssueTracker.Api.csproj (in 5.66 sec).
    Restored /workspace/src/IssueTracker.Core/IssueTracker.Core.csproj (in 5.66 sec).
/workspace/src/IssueTracker.Infrastructure/IssueTracker.Infrastructure.csproj : warning NU1900: Error occurred while getting package vulnerability data: Unable to load the service index for source https://api.nuget.org/v3/index.json. [/workspace/IssueTracker.sln] [/workspace/ai-delivery-validation.targets]
    Restored /workspace/src/IssueTracker.Infrastructure/IssueTracker.Infrastructure.csproj (in 5 ms).
/workspace/tests/IssueTracker.Api.Tests/IssueTracker.Api.Tests.csproj : warning NU1900: Error occurred while getting package vulnerability data: Unable to load the service index for source https://api.nuget.org/v3/index.json. [/workspace/IssueTracker.sln] [/workspace/ai-delivery-validation.targets]
    Restored /workspace/tests/IssueTracker.Api.Tests/IssueTracker.Api.Tests.csproj (in 75 ms).
/workspace/src/IssueTracker.Core/IssueTracker.Core.csproj : warning NU1900: Error occurred while getting package vulnerability data: Unable to load the service index for source https://api.nuget.org/v3/index.json. [/workspace/ai-delivery-validation.targets]
/workspace/src/IssueTracker.Api/IssueTracker.Api.csproj : warning NU1900: Error occurred while getting package vulnerability data: Unable to load the service index for source https://api.nuget.org/v3/index.json. [/workspace/ai-delivery-validation.targets]
/workspace/src/IssueTracker.Infrastructure/IssueTracker.Infrastructure.csproj : warning NU1900: Error occurred while getting package vulnerability data: Unable to load the service index for source https://api.nuget.org/v3/index.json. [/workspace/ai-delivery-validation.targets]
/workspace/tests/IssueTracker.Api.Tests/IssueTracker.Api.Tests.csproj : warning NU1900: Error occurred while getting package vulnerability data: Unable to load the service index for source https://api.nuget.org/v3/index.json. [/workspace/ai-delivery-validation.targets]
    IssueTracker.Core -> /workspace/src/IssueTracker.Core/bin/Debug/net10.0/IssueTracker.Core.dll
    IssueTracker.Infrastructure -> /workspace/src/IssueTracker.Infrastructure/bin/Debug/net10.0/IssueTracker.Infrastructure.dll
    IssueTracker.Api -> /workspace/src/IssueTracker.Api/bin/Debug/net10.0/IssueTracker.Api.dll
    IssueTracker.Api.Tests -> /workspace/tests/IssueTracker.Api.Tests/bin/Debug/net10.0/IssueTracker.Api.Tests.dll
  
  Build succeeded.
  
/workspace/src/IssueTracker.Core/IssueTracker.Core.csproj : warning NU1900: Error occurred while getting package vulnerability data: Unable to load the service index for source https://api.nuget.org/v3/index.json. [/workspace/ai-delivery-validation.targets]
/workspace/src/IssueTracker.Api/IssueTracker.Api.csproj : warning NU1900: Error occurred while getting package vulnerability data: Unable to load the service index for source https://api.nuget.org/v3/index.json. [/workspace/ai-delivery-validation.targets]
/workspace/src/IssueTracker.Infrastructure/IssueTracker.Infrastructure.csproj : warning NU1900: Error occurred while getting package vulnerability data: Unable to load the service index for source https://api.nuget.org/v3/index.json. [/workspace/ai-delivery-validation.targets]
/workspace/tests/IssueTracker.Api.Tests/IssueTracker.Api.Tests.csproj : warning NU1900: Error occurred while getting package vulnerability data: Unable to load the service index for source https://api.nuget.org/v3/index.json. [/workspace/ai-delivery-validation.targets]
      4 Warning(s)
      0 Error(s)
  
  Time Elapsed 00:00:05.19


stderr:
An issue was encountered verifying workloads. For more information, run "dotnet workload update".

