stdout:

> testing-workflow@1.0.0 frontend:install
> npm ls --workspace frontend --depth=0

testing-workflow@1.0.0 /workspace
+-- @adobe/css-tools@4.5.0 extraneous -> ./../opt/ai-delivery/node_modules/@adobe/css-tools
+-- @asamuzakjp/css-color@3.2.0 extraneous -> ./../opt/ai-delivery/node_modules/@asamuzakjp/css-color
+-- @babel/code-frame@7.29.7 extraneous -> ./../opt/ai-delivery/node_modules/@babel/code-frame
+-- @babel/compat-data@7.29.7 extraneous -> ./../opt/ai-delivery/node_modules/@babel/compat-data
+-- @babel/core@7.29.7 extraneous -> ./../opt/ai-delivery/node_modules/@babel/core
+-- @babel/generator@7.29.8 extraneous -> ./../opt/ai-delivery/node_modules/@babel/generator
+-- @babel/helper-compilation-targets@7.29.7 extraneous -> ./../opt/ai-delivery/node_modules/@babel/helper-compilation-targets
+-- @babel/helper-globals@7.29.7 extraneous -> ./../opt/ai-delivery/node_modules/@babel/helper-globals
+-- @babel/helper-module-imports@7.29.7 extraneous -> ./../opt/ai-delivery/node_modules/@babel/helper-module-imports
+-- @babel/helper-module-transforms@7.29.7 extraneous -> ./../opt/ai-delivery/node_modules/@babel/helper-module-transforms
+-- @babel/helper-string-parser@7.29.7 extraneous -> ./../opt/ai-delivery/node_modules/@babel/helper-string-parser
+-- @babel/helper-validator-identifier@7.29.7 extraneous -> ./../opt/ai-delivery/node_modules/@babel/helper-validator-identifier
+-- @babel/helper-validator-option@7.29.7 extraneous -> ./../opt/ai-delivery/node_modules/@babel/helper-validator-option
+-- @babel/helpers@7.29.7 extraneous -> ./../opt/ai-delivery/node_modules/@babel/helpers
+-- @babel/parser@7.29.9 extraneous -> ./../opt/ai-delivery/node_modules/@babel/parser
+-- @babel/runtime@7.29.7 extraneous -> ./../opt/ai-delivery/node_modules/@babel/runtime
+-- @babel/template@7.29.7 extraneous -> ./../opt/ai-delivery/node_modules/@babel/template
+-- @babel/traverse@7.29.8 extraneous -> ./../opt/ai-delivery/node_modules/@babel/traverse
+-- @babel/types@7.29.8 extraneous -> ./../opt/ai-delivery/node_modules/@babel/types
+-- @csstools/color-helpers@5.1.0 extraneous -> ./../opt/ai-delivery/node_modules/@csstools/color-helpers
+-- @csstools/css-calc@2.1.4 extraneous -> ./../opt/ai-delivery/node_modules/@csstools/css-calc
+-- @csstools/css-color-parser@3.1.0 extraneous -> ./../opt/ai-delivery/node_modules/@csstools/css-color-parser
+-- @csstools/css-parser-algorithms@3.0.5 extraneous -> ./../opt/ai-delivery/node_modules/@csstools/css-parser-algorithms
+-- @csstools/css-tokenizer@3.0.4 extraneous -> ./../opt/ai-delivery/node_modules/@csstools/css-tokenizer
+-- @emnapi/runtime@1.11.3 extraneous -> ./../opt/ai-delivery/node_modules/@emnapi/runtime
+-- @eslint-community/eslint-utils@4.10.1 extraneous -> ./../opt/ai-delivery/node_modules/@eslint-community/eslint-utils
+-- @eslint-community/regexpp@4.12.2 extraneous -> ./../opt/ai-delivery/node_modules/@eslint-community/regexpp
+-- @eslint/config-array@0.21.2 extraneous -> ./../opt/ai-delivery/node_modules/@eslint/config-array
+-- @eslint/config-helpers@0.4.2 extraneous -> ./../opt/ai-delivery/node_modules/@eslint/config-helpers
+-- @eslint/core@0.17.0 extraneous -> ./../opt/ai-delivery/node_modules/@eslint/core
+-- @eslint/eslintrc@3.3.7 extraneous -> ./../opt/ai-delivery/node_modules/@eslint/eslintrc
+-- @eslint/js@9.39.5 extraneous -> ./../opt/ai-delivery/node_modules/@eslint/js
+-- @eslint/object-schema@2.1.7 extraneous -> ./../opt/ai-delivery/node_modules/@eslint/object-schema
+-- @eslint/plugin-kit@0.4.1 extraneous -> ./../opt/ai-delivery/node_modules/@eslint/plugin-kit
+-- @humanfs/core@0.19.2 extraneous -> ./../opt/ai-delivery/node_modules/@humanfs/core
+-- @humanfs/node@0.16.8 extraneous -> ./../opt/ai-delivery/node_modules/@humanfs/node
+-- @humanfs/types@0.15.0 extraneous -> ./../opt/ai-delivery/node_modules/@humanfs/types
+-- @humanwhocodes/module-importer@1.0.1 extraneous -> ./../opt/ai-delivery/node_modules/@humanwhocodes/module-importer
+-- @humanwhocodes/retry@0.4.3 extraneous -> ./../opt/ai-delivery/node_modules/@humanwhocodes/retry
+-- @img/colour@1.1.0 extraneous -> ./../opt/ai-delivery/node_modules/@img/colour
+-- @img/sharp-libvips-linux-x64@1.3.3 extraneous -> ./../opt/ai-delivery/node_modules/@img/sharp-libvips-linux-x64
+-- @img/sharp-libvips-linuxmusl-x64@1.3.3 extraneous -> ./../opt/ai-delivery/node_modules/@img/sharp-libvips-linuxmusl-x64
+-- @img/sharp-linux-x64@0.35.4 extraneous -> ./../opt/ai-delivery/node_modules/@img/sharp-linux-x64
+-- @img/sharp-linuxmusl-x64@0.35.4 extraneous -> ./../opt/ai-delivery/node_modules/@img/sharp-linuxmusl-x64
+-- @img/sharp-wasm32@0.35.4 extraneous -> ./../opt/ai-delivery/node_modules/@img/sharp-wasm32
+-- @jridgewell/gen-mapping@0.3.13 extraneous -> ./../opt/ai-delivery/node_modules/@jridgewell/gen-mapping
+-- @jridgewell/remapping@2.3.5 extraneous -> ./../opt/ai-delivery/node_modules/@jridgewell/remapping
+-- @jridgewell/resolve-uri@3.1.2 extraneous -> ./../opt/ai-delivery/node_modules/@jridgewell/resolve-uri
+-- @jridgewell/sourcemap-codec@1.6.0 extraneous -> ./../opt/ai-delivery/node_modules/@jridgewell/sourcemap-codec
+-- @jridgewell/trace-mapping@0.3.31 extraneous -> ./../opt/ai-delivery/node_modules/@jridgewell/trace-mapping
+-- @next/env@16.3.6 extraneous -> ./../opt/ai-delivery/node_modules/@next/env
+-- @next/eslint-plugin-next@16.3.6 extraneous -> ./../opt/ai-delivery/node_modules/@next/eslint-plugin-next
+-- @next/swc-linux-x64-gnu@16.3.6 extraneous -> ./../opt/ai-delivery/node_modules/@next/swc-linux-x64-gnu
+-- @next/swc-linux-x64-musl@16.3.6 extraneous -> ./../opt/ai-delivery/node_modules/@next/swc-linux-x64-musl
+-- @nodelib/fs.scandir@2.1.5 extraneous -> ./../opt/ai-delivery/node_modules/@nodelib/fs.scandir
+-- @nodelib/fs.stat@2.0.5 extraneous -> ./../opt/ai-delivery/node_modules/@nodelib/fs.stat
+-- @nodelib/fs.walk@1.2.8 extraneous -> ./../opt/ai-delivery/node_modules/@nodelib/fs.walk
+-- @nolyfill/is-core-module@1.0.39 extraneous -> ./../opt/ai-delivery/node_modules/@nolyfill/is-core-module
+-- @oxc-project/types@0.150.0 extraneous -> ./../opt/ai-delivery/node_modules/@oxc-project/types
+-- @rolldown/binding-linux-x64-gnu@1.2.9 extraneous -> ./../opt/ai-delivery/node_modules/@rolldown/binding-linux-x64-gnu
+-- @rolldown/binding-linux-x64-musl@1.2.9 extraneous -> ./../opt/ai-delivery/node_modules/@rolldown/binding-linux-x64-musl
+-- @rolldown/pluginutils@1.0.1 extraneous -> ./../opt/ai-delivery/node_modules/@rolldown/pluginutils
+-- @rtsao/scc@1.1.0 extraneous -> ./../opt/ai-delivery/node_modules/@rtsao/scc
+-- @swc/helpers@0.5.23 extraneous -> ./../opt/ai-delivery/node_modules/@swc/helpers
+-- @testing-library/dom@10.4.2 extraneous -> ./../opt/ai-delivery/node_modules/@testing-library/dom
+-- @testing-library/jest-dom@7.0.1 extraneous -> ./../opt/ai-delivery/node_modules/@testing-library/jest-dom
+-- @testing-library/react@16.3.3 extraneous -> ./../opt/ai-delivery/node_modules/@testing-library/react
+-- @types/aria-query@5.0.4 extraneous -> ./../opt/ai-delivery/node_modules/@types/aria-query
+-- @types/chai@5.2.3 extraneous -> ./../opt/ai-delivery/node_modules/@types/chai
+-- @types/deep-eql@4.0.2 extraneous -> ./../opt/ai-delivery/node_modules/@types/deep-eql
+-- @types/estree@1.0.9 extraneous -> ./../opt/ai-delivery/node_modules/@types/estree
+-- @types/json-schema@7.0.15 extraneous -> ./../opt/ai-delivery/node_modules/@types/json-schema
+-- @types/json5@0.0.29 extraneous -> ./../opt/ai-delivery/node_modules/@types/json5
+-- @types/node@22.18.1 extraneous -> ./../opt/ai-delivery/node_modules/@types/node
+-- @types/react-dom@19.3.0 extraneous -> ./../opt/ai-delivery/node_modules/@types/react-dom
+-- @types/react@19.3.0 extraneous -> ./../opt/ai-delivery/node_modules/@types/react
+-- @typescript-eslint/eslint-plugin@8.70.1 extraneous -> ./../opt/ai-delivery/node_modules/@typescript-eslint/eslint-plugin
+-- @typescript-eslint/parser@8.70.1 extraneous -> ./../opt/ai-delivery/node_modules/@typescript-eslint/parser
+-- @typescript-eslint/project-service@8.70.1 extraneous -> ./../opt/ai-delivery/node_modules/@typescript-eslint/project-service
+-- @typescript-eslint/scope-manager@8.70.1 extraneous -> ./../opt/ai-delivery/node_modules/@typescript-eslint/scope-manager
+-- @typescript-eslint/tsconfig-utils@8.70.1 extraneous -> ./../opt/ai-delivery/node_modules/@typescript-eslint/tsconfig-utils
+-- @typescript-eslint/type-utils@8.70.1 extraneous -> ./../opt/ai-delivery/node_modules/@typescript-eslint/type-utils
+-- @typescript-eslint/types@8.70.1 extraneous -> ./../opt/ai-delivery/node_modules/@typescript-eslint/types
+-- @typescript-eslint/typescript-estree@8.70.1 extraneous -> ./../opt/ai-delivery/node_modules/@typescript-eslint/typescript-estree
+-- @typescript-eslint/utils@8.70.1 extraneous -> ./../opt/ai-delivery/node_modules/@typescript-eslint/utils
+-- @typescript-eslint/visitor-keys@8.70.1 extraneous -> ./../opt/ai-delivery/node_modules/@typescript-eslint/visitor-keys
+-- @unrs/resolver-binding-linux-x64-gnu@1.12.2 extraneous -> ./../opt/ai-delivery/node_modules/@unrs/resolver-binding-linux-x64-gnu
+-- @unrs/resolver-binding-linux-x64-musl@1.12.2 extraneous -> ./../opt/ai-delivery/node_modules/@unrs/resolver-binding-linux-x64-musl
+-- @vitest/mocker@5.0.1 extraneous -> ./../opt/ai-delivery/node_modules/@vitest/mocker
+-- @vitest/spy@5.0.1 extraneous -> ./../opt/ai-delivery/node_modules/@vitest/spy
+-- acorn-jsx@5.3.2 extraneous -> ./../opt/ai-delivery/node_modules/acorn-jsx
+-- acorn@8.18.0 extraneous -> ./../opt/ai-delivery/node_modules/acorn
+-- agent-base@7.1.4 extraneous -> ./../opt/ai-delivery/node_modules/agent-base
+-- ajv@6.15.0 extraneous -> ./../opt/ai-delivery/node_modules/ajv
+-- ansi-regex@5.0.1 extraneous -> ./../opt/ai-delivery/node_modules/ansi-regex
+-- ansi-styles@4.3.0 extraneous -> ./../opt/ai-delivery/node_modules/ansi-styles
+-- argparse@2.0.1 extraneous -> ./../opt/ai-delivery/node_modules/argparse
+-- aria-query@5.3.0 extraneous -> ./../opt/ai-delivery/node_modules/aria-query
+-- array-buffer-byte-length@1.0.2 extraneous -> ./../opt/ai-delivery/node_modules/array-buffer-byte-length
+-- array-includes@3.2.0 extraneous -> ./../opt/ai-delivery/node_modules/array-includes
+-- array.prototype.findlast@1.2.5 extraneous -> ./../opt/ai-delivery/node_modules/array.prototype.findlast
+-- array.prototype.findlastindex@1.2.6 extraneous -> ./../opt/ai-delivery/node_modules/array.prototype.findlastindex
+-- array.prototype.flat@1.3.3 extraneous -> ./../opt/ai-delivery/node_modules/array.prototype.flat
+-- array.prototype.flatmap@1.3.3 extraneous -> ./../opt/ai-delivery/node_modules/array.prototype.flatmap
+-- array.prototype.tosorted@1.1.4 extraneous -> ./../opt/ai-delivery/node_modules/array.prototype.tosorted
+-- arraybuffer.prototype.slice@1.0.4 extraneous -> ./../opt/ai-delivery/node_modules/arraybuffer.prototype.slice
+-- assertion-error@2.0.1 extraneous -> ./../opt/ai-delivery/node_modules/assertion-error
+-- ast-types-flow@0.0.8 extraneous -> ./../opt/ai-delivery/node_modules/ast-types-flow
+-- async-function@1.0.0 extraneous -> ./../opt/ai-delivery/node_modules/async-function
+-- available-typed-arrays@1.0.7 extraneous -> ./../opt/ai-delivery/node_modules/available-typed-arrays
+-- axe-core@4.13.0 extraneous -> ./../opt/ai-delivery/node_modules/axe-core
+-- axobject-query@4.1.0 extraneous -> ./../opt/ai-delivery/node_modules/axobject-query
+-- balanced-match@1.0.2 extraneous -> ./../opt/ai-delivery/node_modules/balanced-match
+-- baseline-browser-mapping@2.11.25 extraneous -> ./../opt/ai-delivery/node_modules/baseline-browser-mapping
+-- brace-expansion@1.1.21 extraneous -> ./../opt/ai-delivery/node_modules/brace-expansion
+-- braces@3.0.3 extraneous -> ./../opt/ai-delivery/node_modules/braces
+-- browserslist@4.29.0 extraneous -> ./../opt/ai-delivery/node_modules/browserslist
+-- call-bind-apply-helpers@1.0.2 extraneous -> ./../opt/ai-delivery/node_modules/call-bind-apply-helpers
+-- call-bind@1.0.9 extraneous -> ./../opt/ai-delivery/node_modules/call-bind
+-- call-bound@1.0.4 extraneous -> ./../opt/ai-delivery/node_modules/call-bound
+-- callsites@3.1.0 extraneous -> ./../opt/ai-delivery/node_modules/callsites
+-- caniuse-lite@1.0.30001810 extraneous -> ./../opt/ai-delivery/node_modules/caniuse-lite
+-- chai@6.2.2 extraneous -> ./../opt/ai-delivery/node_modules/chai
+-- chalk@4.1.2 extraneous -> ./../opt/ai-delivery/node_modules/chalk
+-- client-only@0.0.1 extraneous -> ./../opt/ai-delivery/node_modules/client-only
+-- color-convert@2.0.1 extraneous -> ./../opt/ai-delivery/node_modules/color-convert
+-- color-name@1.1.4 extraneous -> ./../opt/ai-delivery/node_modules/color-name
+-- concat-map@0.0.1 extraneous -> ./../opt/ai-delivery/node_modules/concat-map
+-- convert-source-map@2.0.0 extraneous -> ./../opt/ai-delivery/node_modules/convert-source-map
+-- cross-spawn@7.0.6 extraneous -> ./../opt/ai-delivery/node_modules/cross-spawn
+-- css.escape@1.5.1 extraneous -> ./../opt/ai-delivery/node_modules/css.escape
+-- cssstyle@4.6.0 extraneous -> ./../opt/ai-delivery/node_modules/cssstyle
+-- csstype@3.2.3 extraneous -> ./../opt/ai-delivery/node_modules/csstype
+-- damerau-levenshtein@1.0.8 extraneous -> ./../opt/ai-delivery/node_modules/damerau-levenshtein
+-- data-urls@5.0.0 extraneous -> ./../opt/ai-delivery/node_modules/data-urls
+-- data-view-buffer@1.0.2 extraneous -> ./../opt/ai-delivery/node_modules/data-view-buffer
+-- data-view-byte-length@1.0.2 extraneous -> ./../opt/ai-delivery/node_modules/data-view-byte-length
+-- data-view-byte-offset@1.0.1 extraneous -> ./../opt/ai-delivery/node_modules/data-view-byte-offset
+-- debug@4.4.3 extraneous -> ./../opt/ai-delivery/node_modules/debug
+-- decimal.js@10.6.0 extraneous -> ./../opt/ai-delivery/node_modules/decimal.js
+-- deep-is@0.1.4 extraneous -> ./../opt/ai-delivery/node_modules/deep-is
+-- define-data-property@1.1.4 extraneous -> ./../opt/ai-delivery/node_modules/define-data-property
+-- define-properties@1.2.1 extraneous -> ./../opt/ai-delivery/node_modules/define-properties
+-- dequal@2.0.3 extraneous -> ./../opt/ai-delivery/node_modules/dequal
+-- detect-libc@2.1.2 extraneous -> ./../opt/ai-delivery/node_modules/detect-libc
+-- doctrine@2.1.0 extraneous -> ./../opt/ai-delivery/node_modules/doctrine
+-- dom-accessibility-api@0.5.16 extraneous -> ./../opt/ai-delivery/node_modules/dom-accessibility-api
+-- dunder-proto@1.0.1 extraneous -> ./../opt/ai-delivery/node_modules/dunder-proto
+-- electron-to-chromium@1.5.438 extraneous -> ./../opt/ai-delivery/node_modules/electron-to-chromium
+-- emoji-regex@9.2.2 extraneous -> ./../opt/ai-delivery/node_modules/emoji-regex
+-- entities@6.0.1 extraneous -> ./../opt/ai-delivery/node_modules/entities
+-- es-abstract-get@1.0.0 extraneous -> ./../opt/ai-delivery/node_modules/es-abstract-get
+-- es-abstract@1.24.2 extraneous -> ./../opt/ai-delivery/node_modules/es-abstract
+-- es-define-property@1.0.1 extraneous -> ./../opt/ai-delivery/node_modules/es-define-property
+-- es-errors@1.3.0 extraneous -> ./../opt/ai-delivery/node_modules/es-errors
+-- es-iterator-helpers@1.4.0 extraneous -> ./../opt/ai-delivery/node_modules/es-iterator-helpers
+-- es-module-lexer@2.3.2 extraneous -> ./../opt/ai-delivery/node_modules/es-module-lexer
+-- es-object-atoms@1.1.2 extraneous -> ./../opt/ai-delivery/node_modules/es-object-atoms
+-- es-set-tostringtag@2.1.0 extraneous -> ./../opt/ai-delivery/node_modules/es-set-tostringtag
+-- es-shim-unscopables@1.1.0 extraneous -> ./../opt/ai-delivery/node_modules/es-shim-unscopables
+-- es-to-primitive@1.3.4 extraneous -> ./../opt/ai-delivery/node_modules/es-to-primitive
+-- escalade@3.2.0 extraneous -> ./../opt/ai-delivery/node_modules/escalade
+-- escape-string-regexp@4.0.0 extraneous -> ./../opt/ai-delivery/node_modules/escape-string-regexp
+-- eslint-config-next@16.3.6 extraneous -> ./../opt/ai-delivery/node_modules/eslint-config-next
+-- eslint-import-resolver-node@0.3.10 extraneous -> ./../opt/ai-delivery/node_modules/eslint-import-resolver-node
+-- eslint-import-resolver-typescript@3.10.1 extraneous -> ./../opt/ai-delivery/node_modules/eslint-import-resolver-typescript
+-- eslint-module-utils@2.14.0 extraneous -> ./../opt/ai-delivery/node_modules/eslint-module-utils
+-- eslint-plugin-import@2.32.0 extraneous -> ./../opt/ai-delivery/node_modules/eslint-plugin-import
+-- eslint-plugin-jsx-a11y@6.10.2 extraneous -> ./../opt/ai-delivery/node_modules/eslint-plugin-jsx-a11y
+-- eslint-plugin-react-hooks@7.1.1 extraneous -> ./../opt/ai-delivery/node_modules/eslint-plugin-react-hooks
+-- eslint-plugin-react@7.37.5 extraneous -> ./../opt/ai-delivery/node_modules/eslint-plugin-react
+-- eslint-scope@8.4.0 extraneous -> ./../opt/ai-delivery/node_modules/eslint-scope
+-- eslint-visitor-keys@4.2.1 extraneous -> ./../opt/ai-delivery/node_modules/eslint-visitor-keys
+-- eslint@9.39.5 extraneous -> ./../opt/ai-delivery/node_modules/eslint
+-- espree@10.4.0 extraneous -> ./../opt/ai-delivery/node_modules/espree
+-- esquery@1.7.0 extraneous -> ./../opt/ai-delivery/node_modules/esquery
+-- esrecurse@4.3.0 extraneous -> ./../opt/ai-delivery/node_modules/esrecurse
+-- estraverse@5.3.0 extraneous -> ./../opt/ai-delivery/node_modules/estraverse
+-- estree-walker@3.0.3 extraneous -> ./../opt/ai-delivery/node_modules/estree-walker
+-- esutils@2.0.3 extraneous -> ./../opt/ai-delivery/node_modules/esutils
+-- expect-type@1.4.0 extraneous -> ./../opt/ai-delivery/node_modules/expect-type
+-- fast-deep-equal@3.1.3 extraneous -> ./../opt/ai-delivery/node_modules/fast-deep-equal
+-- fast-glob@3.3.1 extraneous -> ./../opt/ai-delivery/node_modules/fast-glob
+-- fast-json-stable-stringify@2.1.0 extraneous -> ./../opt/ai-delivery/node_modules/fast-json-stable-stringify
+-- fast-levenshtein@2.0.6 extraneous -> ./../opt/ai-delivery/node_modules/fast-levenshtein
+-- fastq@1.20.3 extraneous -> ./../opt/ai-delivery/node_modules/fastq
+-- file-entry-cache@8.0.0 extraneous -> ./../opt/ai-delivery/node_modules/file-entry-cache
+-- fill-range@7.1.1 extraneous -> ./../opt/ai-delivery/node_modules/fill-range
+-- find-up@5.0.0 extraneous -> ./../opt/ai-delivery/node_modules/find-up
+-- flat-cache@4.0.1 extraneous -> ./../opt/ai-delivery/node_modules/flat-cache
+-- flatted@3.4.4 extraneous -> ./../opt/ai-delivery/node_modules/flatted
+-- for-each@0.3.5 extraneous -> ./../opt/ai-delivery/node_modules/for-each
+-- function-bind@1.1.2 extraneous -> ./../opt/ai-delivery/node_modules/function-bind
+-- function.prototype.name@1.2.0 extraneous -> ./../opt/ai-delivery/node_modules/function.prototype.name
+-- functions-have-names@1.2.3 extraneous -> ./../opt/ai-delivery/node_modules/functions-have-names
+-- generator-function@2.0.1 extraneous -> ./../opt/ai-delivery/node_modules/generator-function
+-- gensync@1.0.0-beta.2 extraneous -> ./../opt/ai-delivery/node_modules/gensync
+-- get-intrinsic@1.3.0 extraneous -> ./../opt/ai-delivery/node_modules/get-intrinsic
+-- get-proto@1.0.1 extraneous -> ./../opt/ai-delivery/node_modules/get-proto
+-- get-symbol-description@1.1.0 extraneous -> ./../opt/ai-delivery/node_modules/get-symbol-description
+-- get-tsconfig@4.14.3 extraneous -> ./../opt/ai-delivery/node_modules/get-tsconfig
+-- glob-parent@6.0.2 extraneous -> ./../opt/ai-delivery/node_modules/glob-parent
+-- globals@14.0.0 extraneous -> ./../opt/ai-delivery/node_modules/globals
+-- globalthis@1.0.4 extraneous -> ./../opt/ai-delivery/node_modules/globalthis
+-- gopd@1.2.0 extraneous -> ./../opt/ai-delivery/node_modules/gopd
+-- has-bigints@1.1.0 extraneous -> ./../opt/ai-delivery/node_modules/has-bigints
+-- has-flag@4.0.0 extraneous -> ./../opt/ai-delivery/node_modules/has-flag
+-- has-property-descriptors@1.0.2 extraneous -> ./../opt/ai-delivery/node_modules/has-property-descriptors
+-- has-proto@1.2.0 extraneous -> ./../opt/ai-delivery/node_modules/has-proto
+-- has-symbols@1.1.0 extraneous -> ./../opt/ai-delivery/node_modules/has-symbols
+-- has-tostringtag@1.0.2 extraneous -> ./../opt/ai-delivery/node_modules/has-tostringtag
+-- hasown@2.0.4 extraneous -> ./../opt/ai-delivery/node_modules/hasown
+-- hermes-estree@0.25.1 extraneous -> ./../opt/ai-delivery/node_modules/hermes-estree
+-- hermes-parser@0.25.1 extraneous -> ./../opt/ai-delivery/node_modules/hermes-parser
+-- html-encoding-sniffer@4.0.0 extraneous -> ./../opt/ai-delivery/node_modules/html-encoding-sniffer
+-- http-proxy-agent@7.0.2 extraneous -> ./../opt/ai-delivery/node_modules/http-proxy-agent
+-- https-proxy-agent@7.0.6 extraneous -> ./../opt/ai-delivery/node_modules/https-proxy-agent
+-- iconv-lite@0.6.3 extraneous -> ./../opt/ai-delivery/node_modules/iconv-lite
+-- ignore@5.3.2 extraneous -> ./../opt/ai-delivery/node_modules/ignore
+-- import-fresh@3.3.1 extraneous -> ./../opt/ai-delivery/node_modules/import-fresh
+-- imurmurhash@0.1.4 extraneous -> ./../opt/ai-delivery/node_modules/imurmurhash
+-- indent-string@4.0.0 extraneous -> ./../opt/ai-delivery/node_modules/indent-string
+-- internal-slot@1.1.0 extraneous -> ./../opt/ai-delivery/node_modules/internal-slot
+-- is-array-buffer@3.0.5 extraneous -> ./../opt/ai-delivery/node_modules/is-array-buffer
+-- is-async-function@2.1.1 extraneous -> ./../opt/ai-delivery/node_modules/is-async-function
+-- is-bigint@1.1.0 extraneous -> ./../opt/ai-delivery/node_modules/is-bigint
+-- is-boolean-object@1.2.2 extraneous -> ./../opt/ai-delivery/node_modules/is-boolean-object
+-- is-bun-module@2.0.0 extraneous -> ./../opt/ai-delivery/node_modules/is-bun-module
+-- is-callable@1.2.7 extraneous -> ./../opt/ai-delivery/node_modules/is-callable
+-- is-core-module@2.17.0 extraneous -> ./../opt/ai-delivery/node_modules/is-core-module
+-- is-data-view@1.0.2 extraneous -> ./../opt/ai-delivery/node_modules/is-data-view
+-- is-date-object@1.1.0 extraneous -> ./../opt/ai-delivery/node_modules/is-date-object
+-- is-document.all@1.0.0 extraneous -> ./../opt/ai-delivery/node_modules/is-document.all
+-- is-extglob@2.1.1 extraneous -> ./../opt/ai-delivery/node_modules/is-extglob
+-- is-finalizationregistry@1.1.1 extraneous -> ./../opt/ai-delivery/node_modules/is-finalizationregistry
+-- is-generator-function@1.1.2 extraneous -> ./../opt/ai-delivery/node_modules/is-generator-function
+-- is-glob@4.0.3 extraneous -> ./../opt/ai-delivery/node_modules/is-glob
+-- is-map@2.0.3 extraneous -> ./../opt/ai-delivery/node_modules/is-map
+-- is-negative-zero@2.0.3 extraneous -> ./../opt/ai-delivery/node_modules/is-negative-zero
+-- is-number-object@1.1.1 extraneous -> ./../opt/ai-delivery/node_modules/is-number-object
+-- is-number@7.0.0 extraneous -> ./../opt/ai-delivery/node_modules/is-number
+-- is-potential-custom-element-name@1.0.1 extraneous -> ./../opt/ai-delivery/node_modules/is-potential-custom-element-name
+-- is-regex@1.2.1 extraneous -> ./../opt/ai-delivery/node_modules/is-regex
+-- is-set@2.0.3 extraneous -> ./../opt/ai-delivery/node_modules/is-set
+-- is-shared-array-buffer@1.0.4 extraneous -> ./../opt/ai-delivery/node_modules/is-shared-array-buffer
+-- is-string@1.1.1 extraneous -> ./../opt/ai-delivery/node_modules/is-string
+-- is-symbol@1.1.1 extraneous -> ./../opt/ai-delivery/node_modules/is-symbol
+-- is-typed-array@1.1.15 extraneous -> ./../opt/ai-delivery/node_modules/is-typed-array
+-- is-weakmap@2.0.2 extraneous -> ./../opt/ai-delivery/node_modules/is-weakmap
+-- is-weakref@1.1.1 extraneous -> ./../opt/ai-delivery/node_modules/is-weakref
+-- is-weakset@2.0.4 extraneous -> ./../opt/ai-delivery/node_modules/is-weakset
+-- isarray@2.0.5 extraneous -> ./../opt/ai-delivery/node_modules/isarray
+-- isexe@2.0.0 extraneous -> ./../opt/ai-delivery/node_modules/isexe
+-- iterator.prototype@1.1.5 extraneous -> ./../opt/ai-delivery/node_modules/iterator.prototype
+-- js-tokens@4.0.0 extraneous -> ./../opt/ai-delivery/node_modules/js-tokens
+-- js-yaml@4.3.2 extraneous -> ./../opt/ai-delivery/node_modules/js-yaml
+-- jsdom@26.1.0 extraneous -> ./../opt/ai-delivery/node_modules/jsdom
+-- jsesc@3.1.0 extraneous -> ./../opt/ai-delivery/node_modules/jsesc
+-- json-buffer@3.0.1 extraneous -> ./../opt/ai-delivery/node_modules/json-buffer
+-- json-schema-traverse@0.4.1 extraneous -> ./../opt/ai-delivery/node_modules/json-schema-traverse
+-- json-stable-stringify-without-jsonify@1.0.1 extraneous -> ./../opt/ai-delivery/node_modules/json-stable-stringify-without-jsonify
+-- json5@2.2.3 extraneous -> ./../opt/ai-delivery/node_modules/json5
+-- jsx-ast-utils@3.3.5 extraneous -> ./../opt/ai-delivery/node_modules/jsx-ast-utils
+-- keyv@4.5.4 extraneous -> ./../opt/ai-delivery/node_modules/keyv
+-- language-subtag-registry@0.3.23 extraneous -> ./../opt/ai-delivery/node_modules/language-subtag-registry
+-- language-tags@1.0.9 extraneous -> ./../opt/ai-delivery/node_modules/language-tags
+-- levn@0.4.1 extraneous -> ./../opt/ai-delivery/node_modules/levn
+-- lightningcss-linux-x64-gnu@1.33.0 extraneous -> ./../opt/ai-delivery/node_modules/lightningcss-linux-x64-gnu
+-- lightningcss-linux-x64-musl@1.33.0 extraneous -> ./../opt/ai-delivery/node_modules/lightningcss-linux-x64-musl
+-- lightningcss@1.33.0 extraneous -> ./../opt/ai-delivery/node_modules/lightningcss
+-- locate-path@6.0.0 extraneous -> ./../opt/ai-delivery/node_modules/locate-path
+-- lodash.merge@4.6.2 extraneous -> ./../opt/ai-delivery/node_modules/lodash.merge
+-- loose-envify@1.4.0 extraneous -> ./../opt/ai-delivery/node_modules/loose-envify
+-- lru-cache@5.1.1 extraneous -> ./../opt/ai-delivery/node_modules/lru-cache
+-- lz-string@1.5.0 extraneous -> ./../opt/ai-delivery/node_modules/lz-string
+-- magic-string@1.4.1 extraneous -> ./../opt/ai-delivery/node_modules/magic-string
+-- math-intrinsics@1.1.0 extraneous -> ./../opt/ai-delivery/node_modules/math-intrinsics
+-- merge2@1.4.1 extraneous -> ./../opt/ai-delivery/node_modules/merge2
+-- micromatch@4.0.8 extraneous -> ./../opt/ai-delivery/node_modules/micromatch
+-- min-indent@1.0.1 extraneous -> ./../opt/ai-delivery/node_modules/min-indent
+-- minimatch@3.1.5 extraneous -> ./../opt/ai-delivery/node_modules/minimatch
+-- minimist@1.2.8 extraneous -> ./../opt/ai-delivery/node_modules/minimist
+-- ms@2.1.3 extraneous -> ./../opt/ai-delivery/node_modules/ms
+-- nanoid@3.3.19 extraneous -> ./../opt/ai-delivery/node_modules/nanoid
+-- napi-postinstall@0.3.4 extraneous -> ./../opt/ai-delivery/node_modules/napi-postinstall
+-- natural-compare@1.4.0 extraneous -> ./../opt/ai-delivery/node_modules/natural-compare
+-- next@16.3.6 extraneous -> ./../opt/ai-delivery/node_modules/next
+-- node-exports-info@1.6.2 extraneous -> ./../opt/ai-delivery/node_modules/node-exports-info
+-- node-releases@2.0.57 extraneous -> ./../opt/ai-delivery/node_modules/node-releases
+-- nwsapi@2.2.28 extraneous -> ./../opt/ai-delivery/node_modules/nwsapi
+-- object-assign@4.1.1 extraneous -> ./../opt/ai-delivery/node_modules/object-assign
+-- object-inspect@1.13.4 extraneous -> ./../opt/ai-delivery/node_modules/object-inspect
+-- object-keys@1.1.1 extraneous -> ./../opt/ai-delivery/node_modules/object-keys
+-- object.assign@4.1.7 extraneous -> ./../opt/ai-delivery/node_modules/object.assign
+-- object.entries@1.1.9 extraneous -> ./../opt/ai-delivery/node_modules/object.entries
+-- object.fromentries@2.0.8 extraneous -> ./../opt/ai-delivery/node_modules/object.fromentries
+-- object.groupby@1.0.3 extraneous -> ./../opt/ai-delivery/node_modules/object.groupby
+-- object.values@1.2.1 extraneous -> ./../opt/ai-delivery/node_modules/object.values
+-- obug@2.2.1 extraneous -> ./../opt/ai-delivery/node_modules/obug
+-- optionator@0.9.4 extraneous -> ./../opt/ai-delivery/node_modules/optionator
+-- own-keys@1.0.2 extraneous -> ./../opt/ai-delivery/node_modules/own-keys
+-- p-limit@3.1.0 extraneous -> ./../opt/ai-delivery/node_modules/p-limit
+-- p-locate@5.0.0 extraneous -> ./../opt/ai-delivery/node_modules/p-locate
+-- parent-module@1.0.1 extraneous -> ./../opt/ai-delivery/node_modules/parent-module
+-- parse5@7.3.0 extraneous -> ./../opt/ai-delivery/node_modules/parse5
+-- path-exists@4.0.0 extraneous -> ./../opt/ai-delivery/node_modules/path-exists
+-- path-key@3.1.1 extraneous -> ./../opt/ai-delivery/node_modules/path-key
+-- path-parse@1.0.7 extraneous -> ./../opt/ai-delivery/node_modules/path-parse
+-- picocolors@1.1.1 extraneous -> ./../opt/ai-delivery/node_modules/picocolors
+-- picomatch@2.3.2 extraneous -> ./../opt/ai-delivery/node_modules/picomatch
+-- possible-typed-array-names@1.1.0 extraneous -> ./../opt/ai-delivery/node_modules/possible-typed-array-names
+-- postcss@8.5.23 extraneous -> ./../opt/ai-delivery/node_modules/postcss
+-- prelude-ls@1.2.1 extraneous -> ./../opt/ai-delivery/node_modules/prelude-ls
+-- pretty-format@27.5.1 extraneous -> ./../opt/ai-delivery/node_modules/pretty-format
+-- prop-types@15.8.1 extraneous -> ./../opt/ai-delivery/node_modules/prop-types
+-- punycode@2.3.1 extraneous -> ./../opt/ai-delivery/node_modules/punycode
+-- queue-microtask@1.2.3 extraneous -> ./../opt/ai-delivery/node_modules/queue-microtask
+-- react-dom@19.3.0 extraneous -> ./../opt/ai-delivery/node_modules/react-dom
+-- react-is@17.0.2 extraneous -> ./../opt/ai-delivery/node_modules/react-is
+-- react@19.3.0 extraneous -> ./../opt/ai-delivery/node_modules/react
+-- redent@3.0.0 extraneous -> ./../opt/ai-delivery/node_modules/redent
+-- reflect.getprototypeof@1.0.10 extraneous -> ./../opt/ai-delivery/node_modules/reflect.getprototypeof
+-- regexp.prototype.flags@1.5.4 extraneous -> ./../opt/ai-delivery/node_modules/regexp.prototype.flags
+-- resolve-from@4.0.0 extraneous -> ./../opt/ai-delivery/node_modules/resolve-from
+-- resolve-pkg-maps@1.0.0 extraneous -> ./../opt/ai-delivery/node_modules/resolve-pkg-maps
+-- resolve@2.0.0-next.7 extraneous -> ./../opt/ai-delivery/node_modules/resolve
+-- reusify@1.1.0 extraneous -> ./../opt/ai-delivery/node_modules/reusify
+-- rolldown@1.2.9 extraneous -> ./../opt/ai-delivery/node_modules/rolldown
+-- rrweb-cssom@0.8.0 extraneous -> ./../opt/ai-delivery/node_modules/rrweb-cssom
+-- run-parallel@1.2.0 extraneous -> ./../opt/ai-delivery/node_modules/run-parallel
+-- safe-array-concat@1.1.4 extraneous -> ./../opt/ai-delivery/node_modules/safe-array-concat
+-- safe-push-apply@1.0.0 extraneous -> ./../opt/ai-delivery/node_modules/safe-push-apply
+-- safe-regex-test@1.1.0 extraneous -> ./../opt/ai-delivery/node_modules/safe-regex-test
+-- safer-buffer@2.1.2 extraneous -> ./../opt/ai-delivery/node_modules/safer-buffer
+-- saxes@6.0.0 extraneous -> ./../opt/ai-delivery/node_modules/saxes
+-- scheduler@0.28.0 extraneous -> ./../opt/ai-delivery/node_modules/scheduler
+-- semver@6.3.1 extraneous -> ./../opt/ai-delivery/node_modules/semver
+-- set-function-length@1.2.2 extraneous -> ./../opt/ai-delivery/node_modules/set-function-length
+-- set-function-name@2.0.2 extraneous -> ./../opt/ai-delivery/node_modules/set-function-name
+-- set-proto@1.0.0 extraneous -> ./../opt/ai-delivery/node_modules/set-proto
+-- sharp@0.35.4 extraneous -> ./../opt/ai-delivery/node_modules/sharp
+-- shebang-command@2.0.0 extraneous -> ./../opt/ai-delivery/node_modules/shebang-command
+-- shebang-regex@3.0.0 extraneous -> ./../opt/ai-delivery/node_modules/shebang-regex
+-- side-channel-list@1.0.1 extraneous -> ./../opt/ai-delivery/node_modules/side-channel-list
+-- side-channel-map@1.0.1 extraneous -> ./../opt/ai-delivery/node_modules/side-channel-map
+-- side-channel-weakmap@1.0.2 extraneous -> ./../opt/ai-delivery/node_modules/side-channel-weakmap
+-- side-channel@1.1.1 extraneous -> ./../opt/ai-delivery/node_modules/side-channel
+-- siginfo@2.0.0 extraneous -> ./../opt/ai-delivery/node_modules/siginfo
+-- source-map-js@1.2.1 extraneous -> ./../opt/ai-delivery/node_modules/source-map-js
+-- stable-hash@0.0.5 extraneous -> ./../opt/ai-delivery/node_modules/stable-hash
+-- stackback@0.0.2 extraneous -> ./../opt/ai-delivery/node_modules/stackback
+-- std-env@4.2.0 extraneous -> ./../opt/ai-delivery/node_modules/std-env
+-- stop-iteration-iterator@1.1.0 extraneous -> ./../opt/ai-delivery/node_modules/stop-iteration-iterator
+-- string.prototype.includes@2.0.1 extraneous -> ./../opt/ai-delivery/node_modules/string.prototype.includes
+-- string.prototype.matchall@4.1.0 extraneous -> ./../opt/ai-delivery/node_modules/string.prototype.matchall
+-- string.prototype.repeat@1.0.0 extraneous -> ./../opt/ai-delivery/node_modules/string.prototype.repeat
+-- string.prototype.trim@1.2.11 extraneous -> ./../opt/ai-delivery/node_modules/string.prototype.trim
+-- string.prototype.trimend@1.0.10 extraneous -> ./../opt/ai-delivery/node_modules/string.prototype.trimend
+-- string.prototype.trimstart@1.0.8 extraneous -> ./../opt/ai-delivery/node_modules/string.prototype.trimstart
+-- strip-bom@3.0.0 extraneous -> ./../opt/ai-delivery/node_modules/strip-bom
+-- strip-indent@3.0.0 extraneous -> ./../opt/ai-delivery/node_modules/strip-indent
+-- strip-json-comments@3.1.1 extraneous -> ./../opt/ai-delivery/node_modules/strip-json-comments
+-- styled-jsx@5.1.6 extraneous -> ./../opt/ai-delivery/node_modules/styled-jsx
+-- supports-color@7.2.0 extraneous -> ./../opt/ai-delivery/node_modules/supports-color
+-- supports-preserve-symlinks-flag@1.0.0 extraneous -> ./../opt/ai-delivery/node_modules/supports-preserve-symlinks-flag
+-- symbol-tree@3.2.4 extraneous -> ./../opt/ai-delivery/node_modules/symbol-tree
+-- tinybench@6.1.4 extraneous -> ./../opt/ai-delivery/node_modules/tinybench
+-- tinyexec@1.3.0 extraneous -> ./../opt/ai-delivery/node_modules/tinyexec
+-- tinyglobby@0.2.17 extraneous -> ./../opt/ai-delivery/node_modules/tinyglobby
+-- tldts-core@6.1.86 extraneous -> ./../opt/ai-delivery/node_modules/tldts-core
+-- tldts@6.1.86 extraneous -> ./../opt/ai-delivery/node_modules/tldts
+-- to-regex-range@5.0.1 extraneous -> ./../opt/ai-delivery/node_modules/to-regex-range
+-- tough-cookie@5.1.2 extraneous -> ./../opt/ai-delivery/node_modules/tough-cookie
+-- tr46@5.1.1 extraneous -> ./../opt/ai-delivery/node_modules/tr46
+-- ts-api-utils@2.5.0 extraneous -> ./../opt/ai-delivery/node_modules/ts-api-utils
+-- tsconfig-paths@3.15.0 extraneous -> ./../opt/ai-delivery/node_modules/tsconfig-paths
+-- tslib@2.8.1 extraneous -> ./../opt/ai-delivery/node_modules/tslib
+-- type-check@0.4.0 extraneous -> ./../opt/ai-delivery/node_modules/type-check
+-- typed-array-buffer@1.0.3 extraneous -> ./../opt/ai-delivery/node_modules/typed-array-buffer
+-- typed-array-byte-length@1.0.3 extraneous -> ./../opt/ai-delivery/node_modules/typed-array-byte-length
+-- typed-array-byte-offset@1.0.5 extraneous -> ./../opt/ai-delivery/node_modules/typed-array-byte-offset
+-- typed-array-length@1.0.8 extraneous -> ./../opt/ai-delivery/node_modules/typed-array-length
+-- typescript-eslint@8.70.1 extraneous -> ./../opt/ai-delivery/node_modules/typescript-eslint
+-- typescript@6.0.3 extraneous -> ./../opt/ai-delivery/node_modules/typescript
+-- unbox-primitive@1.1.0 extraneous -> ./../opt/ai-delivery/node_modules/unbox-primitive
+-- undici-types@6.21.0 extraneous -> ./../opt/ai-delivery/node_modules/undici-types
+-- unrs-resolver@1.12.2 extraneous -> ./../opt/ai-delivery/node_modules/unrs-resolver
+-- update-browserslist-db@1.3.3 extraneous -> ./../opt/ai-delivery/node_modules/update-browserslist-db
+-- uri-js@4.4.1 extraneous -> ./../opt/ai-delivery/node_modules/uri-js
+-- vite@8.3.0 extraneous -> ./../opt/ai-delivery/node_modules/vite
+-- vitest@5.0.1 extraneous -> ./../opt/ai-delivery/node_modules/vitest
+-- w3c-xmlserializer@5.0.0 extraneous -> ./../opt/ai-delivery/node_modules/w3c-xmlserializer
+-- webidl-conversions@7.0.0 extraneous -> ./../opt/ai-delivery/node_modules/webidl-conversions
+-- whatwg-encoding@3.1.1 extraneous -> ./../opt/ai-delivery/node_modules/whatwg-encoding
+-- whatwg-mimetype@4.0.0 extraneous -> ./../opt/ai-delivery/node_modules/whatwg-mimetype
+-- whatwg-url@14.2.0 extraneous -> ./../opt/ai-delivery/node_modules/whatwg-url
+-- which-boxed-primitive@1.1.1 extraneous -> ./../opt/ai-delivery/node_modules/which-boxed-primitive
+-- which-builtin-type@1.2.1 extraneous -> ./../opt/ai-delivery/node_modules/which-builtin-type
+-- which-collection@1.0.2 extraneous -> ./../opt/ai-delivery/node_modules/which-collection
+-- which-typed-array@1.1.24 extraneous -> ./../opt/ai-delivery/node_modules/which-typed-array
+-- which@2.0.2 extraneous -> ./../opt/ai-delivery/node_modules/which
+-- why-is-node-running@2.3.0 extraneous -> ./../opt/ai-delivery/node_modules/why-is-node-running
+-- word-wrap@1.2.5 extraneous -> ./../opt/ai-delivery/node_modules/word-wrap
+-- ws@8.21.3 extraneous -> ./../opt/ai-delivery/node_modules/ws
+-- xml-name-validator@5.0.0 extraneous -> ./../opt/ai-delivery/node_modules/xml-name-validator
+-- xmlchars@2.2.0 extraneous -> ./../opt/ai-delivery/node_modules/xmlchars
+-- yallist@3.1.1 extraneous -> ./../opt/ai-delivery/node_modules/yallist
+-- yocto-queue@0.1.0 extraneous -> ./../opt/ai-delivery/node_modules/yocto-queue
+-- zod-validation-error@4.0.2 extraneous -> ./../opt/ai-delivery/node_modules/zod-validation-error
`-- zod@4.6.5 extraneous -> ./../opt/ai-delivery/node_modules/zod



stderr:

